用户需求: 进行倾向性评分分析，治疗组变量是treatment
大模型解析错误: Connection error.
大模型解析不完整，回退到规则解析

生成的代码:
# 生成代码时出错，缺少参数: 'treatment_var'

执行结果:
{}
